// Jest Snapshot v1, https://goo.gl/fbAQLP

exports[`Indecision component should match the snapshot 1`] = `
<div>
  <!--v-if-->
  <div class="bg-dark"></div>
  <div class="indecision-container"><input type="text" placeholder="Ask me a question">
    <p>Remember to finish with a ?</p>
    <!--v-if-->
  </div>
</div>
`;
